index                                              username                                           password
-------------------------------------------------- -------------------------------------------------- --------------------------------------------------
0                                                  Guest_1                                            1x1un3
1                                                  Guest_2                                            Q6vOD3
10                                                 Guest_11                                           s1Lk3J
11                                                 Guest_12                                           Oaxaz3
12                                                 Guest_13                                           1guE3f
13                                                 Guest_14                                           DKaUxJ
14                                                 Guest_15                                           aJKZTa
15                                                 Guest_16                                           s0Jf6g
16                                                 Guest_17                                           FhYyk8
17                                                 Guest_18                                           JwEFgG
18                                                 Guest_19                                           MQIaGK
19                                                 Guest_20                                           JUngLp
2                                                  Guest_3                                            PoV3fP
20                                                 Guest_21                                           RdNO5e
21                                                 Guest_22                                           CSEpB5
22                                                 Guest_23                                           uxYJJ1
23                                                 Guest_24                                           J7cbJ1
24                                                 Guest_25                                           JcQHd4
25                                                 Guest_26                                           aM6hUn
26                                                 Guest_27                                           Vx9oG3
27                                                 Guest_28                                           XIjWCv
28                                                 Guest_29                                           qIFTql
29                                                 Guest_30                                           Z9y0V8
3                                                  Guest_4                                            rj7uaV
30                                                 Guest_31                                           CyH2po
31                                                 Guest_32                                           KpbE0x
32                                                 Guest_33                                           m1KmtQ
33                                                 Guest_34                                           i7k2KW
34                                                 Guest_35                                           j9UDWn
35                                                 Guest_36                                           wEKkaW
36                                                 Guest_37                                           7aukpd
37                                                 Guest_38                                           yl5u7R
38                                                 Guest_39                                           t2nSDS
39                                                 Guest_40                                           Xc8klP
4                                                  Guest_5                                            kliTVh
40                                                 Guest_41                                           VFXl3P
41                                                 Guest_42                                           l8BjSe
42                                                 Guest_43                                           w9Erni
43                                                 Guest_44                                           LJv1hi
44                                                 Guest_45                                           41no3H
45                                                 Guest_46                                           Qy7aBS
46                                                 Guest_47                                           qgpKHM
47                                                 Guest_48                                           tTQgDd
48                                                 Guest_49                                           qNrs7s
49                                                 Guest_50                                           146trm
5                                                  Guest_6                                            Aark6K
50                                                 Guest_51                                           ET4qeG
51                                                 Guest_52                                           WqvITe
52                                                 Guest_53                                           v44jA7
53                                                 Guest_54                                           FLwZDU
54                                                 Guest_55                                           lNY4gr
55                                                 Guest_56                                           1uRI2z
56                                                 Guest_57                                           FYzBC2
57                                                 Guest_58                                           FMuQca
58                                                 Guest_59                                           RD5Al7
59                                                 Guest_60                                           uLNazw
6                                                  Guest_7                                            iOQkJU
60                                                 Guest_61                                           J53cIo
61                                                 Guest_62                                           hfqH9R
62                                                 Guest_63                                           9ZWscg
63                                                 Guest_64                                           lH20Po
64                                                 Guest_65                                           GyluXU
65                                                 Guest_66                                           7Uiq6I
66                                                 Guest_67                                           121c3y
67                                                 Guest_68                                           AZnIVb
68                                                 Guest_69                                           Qed98P
69                                                 Guest_70                                           m3M2cx
7                                                  Guest_8                                            y4EHrf
70                                                 Guest_71                                           tJRjIx
71                                                 Guest_72                                           7Bo9uW
72                                                 Guest_73                                           OpRrSb
73                                                 Guest_74                                           nfW0bG
74                                                 Guest_75                                           FsX2Mk
75                                                 Guest_76                                           Mt8Ynn
76                                                 Guest_77                                           m82DfF
77                                                 Guest_78                                           02wR8i
78                                                 Guest_79                                           balXs4
79                                                 Guest_80                                           WNlQgR
8                                                  Guest_9                                            gxXAaE
80                                                 Guest_81                                           iAtED1
81                                                 Guest_82                                           CnNWY9
82                                                 Guest_83                                           u1uwqB
83                                                 Guest_84                                           eLllmn
84                                                 Guest_85                                           Guq5uw
85                                                 Guest_86                                           RFw3f2
86                                                 Guest_87                                           81hBKe
87                                                 Guest_88                                           9rY5QN
88                                                 Guest_89                                           HAJOj1
89                                                 Guest_90                                           3Ur3bK
9                                                  Guest_10                                           0Tqrzt
90                                                 Guest_91                                           avZ6zk
91                                                 Guest_92                                           eqoOrx
92                                                 Guest_93                                           yQRqWD
93                                                 Guest_94                                           eQKf8l
94                                                 Guest_95                                           AFMAWK
95                                                 Guest_96                                           DMtytJ
96                                                 Guest_97                                           vAu7IQ
97                                                 Guest_98                                           t8KlOq
98                                                 Guest_99                                           QSHyzE

(99 rows affected)


Completion time: 2021-08-24T22:12:40.6820499+01:00
